exports[`Main/presenter/fileupload component test Main/presenter/fileupload component renders 1`] = `
<div
  className="content">
  <div
    className="title">
    <span>
      FileUpload
    </span>
  </div>
  <div
    className="example">
    <div
      className="content">
      <div
        className="content__input btn">
        <input
          className="uploader"
          id="186201714551"
          multiple={true}
          onChange={[Function]}
          type="file" />
        <label
          className="uploader__title"
          htmlFor="186201714551">
          Select file
        </label>
      </div>
      <div
        className="content__items" />
    </div>
  </div>
  <div
    className="description">
    Description
  </div>
</div>
`;
