exports[`Main component test Main component renders 1`] = `
<div
  className="container">
  <div
    className="content__menu">
    <div
      className="container">
      <div
        className="container">
        <input
          className="btn-selected"
          data-id={0}
          onClick={[Function]}
          type="button"
          value="" />
      </div>
    </div>
  </div>
  <div
    className="content">
    <span>
      Something wrong happened!
    </span>
  </div>
</div>
`;
