exports[`Radiobutton component test Radiobutton component renders 1`] = `
<div
  className="filter">
  <input
    checked={true}
    className="radiobutton"
    id=""
    name=""
    onChange={[Function]}
    type="radio"
    value={1} />
  <label
    className="radiobutton__label"
    htmlFor="">
    
  </label>
</div>
`;
